f=2844 OPEN   P1  lua 0 -> 0  ok -> false   $170=0 $184=0 $1ab=00 $04=0202 $140=02
f=2845 SKIP   P1  $126 de hajiita   lua=0   $170=0 $184=0 $1ab=0E $04=0202 $140=02
f=2846 SKIP   P1  $126 de hajiita   lua=0   $170=0 $184=0 $1ab=0D $04=0202 $140=02
f=2846 SKIP   P1  $126 de hajiita   lua=0   $170=0 $184=0 $1ab=0C $04=0202 $140=02
f=2847 SKIP   P1  $126 de hajiita   lua=0   $170=0 $184=0 $1ab=0B $04=0202 $140=02
f=2847 SKIP   P1  $126 de hajiita   lua=0   $170=0 $184=0 $1ab=0A $04=0202 $140=02
f=2849 SKIP   P1  $126 de hajiita   lua=0   $170=0 $184=0 $1ab=09 $04=0202 $140=02
f=2849 SKIP   P1  $126 de hajiita   lua=0   $170=0 $184=0 $1ab=08 $04=0202 $140=02
f=2850 SKIP   P1  $126 de hajiita   lua=0   $170=0 $184=0 $1ab=07 $04=0202 $140=02
f=2850 SKIP   P1  $126 de hajiita   lua=0   $170=0 $184=0 $1ab=06 $04=0202 $140=02
f=2852 SKIP   P1  $126 de hajiita   lua=0   $170=0 $184=0 $1ab=05 $04=0202 $140=02
f=2852 SKIP   P1  $126 de hajiita   lua=0   $170=0 $184=0 $1ab=04 $04=0202 $140=02
f=2853 SKIP   P1  $126 de hajiita   lua=0   $170=0 $184=0 $1ab=03 $04=0202 $140=02
f=2853 SKIP   P1  $126 de hajiita   lua=0   $170=0 $184=0 $1ab=02 $04=0202 $140=02
f=2855 COUNT  P1  lua -> 1   $170=0 $184=0 $1ab=01 $04=0202 $140=02
f=2856 OPEN   P1  lua 1 -> 0  ok -> false   $170=1 $184=0 $1ab=00 $04=0202 $140=02
f=2857 SKIP   P1  $126 de hajiita   lua=0   $170=1 $184=0 $1ab=0E $04=0202 $140=02
f=2858 COUNT  P1  lua -> 1   $170=1 $184=0 $1ab=0D $04=0202 $140=02
f=2858 SKIP   P1  $126 de hajiita   lua=1   $170=2 $184=0 $1ab=0C $04=0202 $140=02
f=2859 COUNT  P1  lua -> 2   $170=2 $184=0 $1ab=0B $04=0202 $140=02
f=2860 COUNT  P1  lua -> 3   $170=3 $184=0 $1ab=0A $04=0202 $140=02
f=2861 SKIP   P1  $126 de hajiita   lua=3   $170=4 $184=0 $1ab=09 $04=0202 $140=02
f=2861 SKIP   P1  $126 de hajiita   lua=3   $170=4 $184=0 $1ab=08 $04=0202 $140=02
f=2862 SKIP   P1  $126 de hajiita   lua=3   $170=4 $184=0 $1ab=07 $04=0202 $140=02
f=2864 SKIP   P1  $126 de hajiita   lua=3   $170=4 $184=0 $1ab=06 $04=0202 $140=02
f=2864 COUNT  P1  lua -> 4   $170=4 $184=0 $1ab=05 $04=0202 $140=02
f=2864 GRANT  P1  lua=4   $170=5 $184=0 $1ab=05 $04=0202 $140=02
f=2865 SKIP   P1  $126 de hajiita   lua=4   $170=5 $184=1 $1ab=04 $04=0202 $140=02
f=2865 SKIP   P1  $126 de hajiita   lua=4   $170=5 $184=1 $1ab=03 $04=0202 $140=02
f=2867 SKIP   P1  $126 de hajiita   lua=4   $170=5 $184=1 $1ab=02 $04=0202 $140=02
f=2867 COUNT  P1  lua -> 5   $170=5 $184=1 $1ab=01 $04=0202 $140=02
f=3043 OPEN   P1  lua 5 -> 0  ok -> false   $170=0 $184=0 $1ab=00 $04=0202 $140=02
f=3044 SKIP   P1  $126 de hajiita   lua=0   $170=0 $184=0 $1ab=0E $04=0202 $140=02
f=3045 SKIP   P1  $126 de hajiita   lua=0   $170=0 $184=0 $1ab=0D $04=0202 $140=02
f=3046 SKIP   P1  $126 de hajiita   lua=0   $170=0 $184=0 $1ab=0C $04=0202 $140=02
f=3047 SKIP   P1  $126 de hajiita   lua=0   $170=0 $184=0 $1ab=0B $04=0202 $140=02
f=3047 SKIP   P1  $126 de hajiita   lua=0   $170=0 $184=0 $1ab=0A $04=0202 $140=02
f=3048 SKIP   P1  $126 de hajiita   lua=0   $170=0 $184=0 $1ab=09 $04=0202 $140=02
f=3049 SKIP   P1  $126 de hajiita   lua=0   $170=0 $184=0 $1ab=08 $04=0202 $140=02
f=3050 SKIP   P1  $126 de hajiita   lua=0   $170=0 $184=0 $1ab=07 $04=0202 $140=02
f=3050 SKIP   P1  $126 de hajiita   lua=0   $170=0 $184=0 $1ab=06 $04=0202 $140=02
f=3050 SKIP   P1  $126 de hajiita   lua=0   $170=0 $184=0 $1ab=05 $04=0202 $140=02
f=3052 COUNT  P1  lua -> 1   $170=0 $184=0 $1ab=04 $04=0202 $140=02
f=3052 COUNT  P1  lua -> 2   $170=1 $184=0 $1ab=03 $04=0202 $140=02
f=3053 COUNT  P1  lua -> 3   $170=2 $184=0 $1ab=02 $04=0202 $140=02
f=3053 SKIP   P1  $126 de hajiita   lua=3   $170=3 $184=0 $1ab=01 $04=0202 $140=02
f=3056 OPEN   P1  lua 3 -> 0  ok -> false   $170=3 $184=0 $1ab=00 $04=0202 $140=02
f=3056 SKIP   P1  $126 de hajiita   lua=0   $170=3 $184=0 $1ab=0E $04=0202 $140=02
f=3057 SKIP   P1  $126 de hajiita   lua=0   $170=3 $184=0 $1ab=0D $04=0202 $140=02
f=3059 SKIP   P1  $126 de hajiita   lua=0   $170=3 $184=0 $1ab=0C $04=0202 $140=02
f=3059 SKIP   P1  $126 de hajiita   lua=0   $170=3 $184=0 $1ab=0B $04=0202 $140=02
f=3059 SKIP   P1  $126 de hajiita   lua=0   $170=3 $184=0 $1ab=0A $04=0202 $140=02
f=3061 SKIP   P1  $126 de hajiita   lua=0   $170=3 $184=0 $1ab=09 $04=0202 $140=02
f=3061 SKIP   P1  $126 de hajiita   lua=0   $170=3 $184=0 $1ab=08 $04=0202 $140=02
f=3062 SKIP   P1  $126 de hajiita   lua=0   $170=3 $184=0 $1ab=07 $04=0202 $140=02
f=3063 SKIP   P1  $126 de hajiita   lua=0   $170=3 $184=0 $1ab=06 $04=0202 $140=02
f=3064 SKIP   P1  $126 de hajiita   lua=0   $170=3 $184=0 $1ab=05 $04=0202 $140=02
f=3065 SKIP   P1  $126 de hajiita   lua=0   $170=3 $184=0 $1ab=04 $04=0202 $140=02
f=3065 SKIP   P1  $126 de hajiita   lua=0   $170=3 $184=0 $1ab=03 $04=0202 $140=02
f=3066 SKIP   P1  $126 de hajiita   lua=0   $170=3 $184=0 $1ab=02 $04=0202 $140=02
f=3067 SKIP   P1  $126 de hajiita   lua=0   $170=3 $184=0 $1ab=01 $04=0202 $140=02
f=3373 OPEN   P1  lua 0 -> 0  ok -> false   $170=0 $184=0 $1ab=00 $04=0202 $140=02
f=3374 SKIP   P1  $126 de hajiita   lua=0   $170=0 $184=0 $1ab=0E $04=0202 $140=02
f=3374 SKIP   P1  $126 de hajiita   lua=0   $170=0 $184=0 $1ab=0D $04=0202 $140=02
f=3375 SKIP   P1  $126 de hajiita   lua=0   $170=0 $184=0 $1ab=0C $04=0202 $140=02
f=3376 SKIP   P1  $126 de hajiita   lua=0   $170=0 $184=0 $1ab=0B $04=0202 $140=02
f=3376 SKIP   P1  $126 de hajiita   lua=0   $170=0 $184=0 $1ab=0A $04=0202 $140=02
f=3377 SKIP   P1  $126 de hajiita   lua=0   $170=0 $184=0 $1ab=09 $04=0202 $140=02
f=3377 SKIP   P1  $126 de hajiita   lua=0   $170=0 $184=0 $1ab=08 $04=0202 $140=02
f=3379 SKIP   P1  $126 de hajiita   lua=0   $170=0 $184=0 $1ab=07 $04=0202 $140=02
f=3379 SKIP   P1  $126 de hajiita   lua=0   $170=0 $184=0 $1ab=06 $04=0202 $140=02
f=3380 COUNT  P1  lua -> 1   $170=0 $184=0 $1ab=05 $04=0202 $140=02
f=3381 SKIP   P1  $126 de hajiita   lua=1   $170=1 $184=0 $1ab=04 $04=0202 $140=02
f=3382 SKIP   P1  $126 de hajiita   lua=1   $170=1 $184=0 $1ab=03 $04=0202 $140=02
f=3383 COUNT  P1  lua -> 2   $170=1 $184=0 $1ab=02 $04=0202 $140=02
f=3383 COUNT  P1  lua -> 3   $170=2 $184=0 $1ab=01 $04=0202 $140=02
f=3386 OPEN   P1  lua 3 -> 0  ok -> false   $170=3 $184=0 $1ab=00 $04=0202 $140=02
f=3386 SKIP   P1  $126 de hajiita   lua=0   $170=3 $184=0 $1ab=0E $04=0202 $140=02
f=3386 SKIP   P1  $126 de hajiita   lua=0   $170=3 $184=0 $1ab=0D $04=0202 $140=02
f=3388 SKIP   P1  $126 de hajiita   lua=0   $170=3 $184=0 $1ab=0C $04=0202 $140=02
f=3389 SKIP   P1  $126 de hajiita   lua=0   $170=3 $184=0 $1ab=0B $04=0202 $140=02
f=3389 COUNT  P1  lua -> 1   $170=3 $184=0 $1ab=0A $04=0202 $140=02
f=3389 GRANT  P1  lua=1   $170=4 $184=0 $1ab=0A $04=0202 $140=02
f=3390 SKIP   P1  $126 de hajiita   lua=1   $170=4 $184=1 $1ab=09 $04=0202 $140=02
f=3390 COUNT  P1  lua -> 2   $170=4 $184=1 $1ab=08 $04=0202 $140=02
f=3391 COUNT  P1  lua -> 3   $170=4 $184=1 $1ab=07 $04=0202 $140=02
f=3392 COUNT  P1  lua -> 4   $170=4 $184=1 $1ab=06 $04=0202 $140=02
f=3392 SKIP   P1  $126 de hajiita   lua=4   $170=4 $184=1 $1ab=05 $04=0202 $140=02
f=3393 COUNT  P1  lua -> 5   $170=4 $184=1 $1ab=04 $04=0202 $140=02
f=3395 COUNT  P1  lua -> 6   $170=4 $184=1 $1ab=03 $04=0202 $140=02
f=3395 COUNT  P1  lua -> 7   $170=4 $184=1 $1ab=02 $04=0202 $140=02
f=3395 SKIP   P1  $126 de hajiita   lua=7   $170=4 $184=1 $1ab=01 $04=0202 $140=02
f=3597 OPEN   P1  lua 7 -> 0  ok -> false   $170=0 $184=0 $1ab=00 $04=0202 $140=02
f=3598 SKIP   P1  $126 de hajiita   lua=0   $170=0 $184=0 $1ab=0E $04=0202 $140=02
f=3599 SKIP   P1  $126 de hajiita   lua=0   $170=0 $184=0 $1ab=0D $04=0202 $140=02
f=3599 SKIP   P1  $126 de hajiita   lua=0   $170=0 $184=0 $1ab=0C $04=0202 $140=02
f=3599 SKIP   P1  $126 de hajiita   lua=0   $170=0 $184=0 $1ab=0B $04=0202 $140=02
f=3600 SKIP   P1  $126 de hajiita   lua=0   $170=0 $184=0 $1ab=0A $04=0202 $140=02
f=3601 SKIP   P1  $126 de hajiita   lua=0   $170=0 $184=0 $1ab=09 $04=0202 $140=02
f=3602 SKIP   P1  $126 de hajiita   lua=0   $170=0 $184=0 $1ab=08 $04=0202 $140=02
f=3602 SKIP   P1  $126 de hajiita   lua=0   $170=0 $184=0 $1ab=07 $04=0202 $140=02
f=3604 COUNT  P1  lua -> 1   $170=0 $184=0 $1ab=06 $04=0202 $140=02
f=3605 COUNT  P1  lua -> 2   $170=1 $184=0 $1ab=05 $04=0202 $140=02
f=3605 COUNT  P1  lua -> 3   $170=2 $184=0 $1ab=04 $04=0202 $140=02
f=3606 SKIP   P1  $126 de hajiita   lua=3   $170=3 $184=0 $1ab=03 $04=0202 $140=02
f=3606 COUNT  P1  lua -> 4   $170=3 $184=0 $1ab=02 $04=0202 $140=02
f=3608 SKIP   P1  $126 de hajiita   lua=4   $170=4 $184=0 $1ab=01 $04=0202 $140=02
f=3610 OPEN   P1  lua 4 -> 0  ok -> false   $170=4 $184=0 $1ab=00 $04=0202 $140=02
f=3611 SKIP   P1  $126 de hajiita   lua=0   $170=4 $184=0 $1ab=0E $04=0202 $140=02
f=3611 SKIP   P1  $126 de hajiita   lua=0   $170=4 $184=0 $1ab=0D $04=0202 $140=02
f=3612 SKIP   P1  $126 de hajiita   lua=0   $170=4 $184=0 $1ab=0C $04=0202 $140=02
f=3612 SKIP   P1  $126 de hajiita   lua=0   $170=4 $184=0 $1ab=0B $04=0202 $140=02
f=3614 SKIP   P1  $126 de hajiita   lua=0   $170=4 $184=0 $1ab=0A $04=0202 $140=02
f=3614 SKIP   P1  $126 de hajiita   lua=0   $170=4 $184=0 $1ab=09 $04=0202 $140=02
f=3615 SKIP   P1  $126 de hajiita   lua=0   $170=4 $184=0 $1ab=08 $04=0202 $140=02
f=3615 SKIP   P1  $126 de hajiita   lua=0   $170=4 $184=0 $1ab=07 $04=0202 $140=02
f=3616 SKIP   P1  $126 de hajiita   lua=0   $170=4 $184=0 $1ab=06 $04=0202 $140=02
f=3617 SKIP   P1  $126 de hajiita   lua=0   $170=4 $184=0 $1ab=05 $04=0202 $140=02
f=3617 SKIP   P1  $126 de hajiita   lua=0   $170=4 $184=0 $1ab=04 $04=0202 $140=02
f=3618 SKIP   P1  $126 de hajiita   lua=0   $170=4 $184=0 $1ab=03 $04=0202 $140=02
f=3619 SKIP   P1  $126 de hajiita   lua=0   $170=4 $184=0 $1ab=02 $04=0202 $140=02
f=3620 SKIP   P1  $126 de hajiita   lua=0   $170=4 $184=0 $1ab=01 $04=0202 $140=02
f=3796 OPEN   P1  lua 0 -> 0  ok -> false   $170=0 $184=0 $1ab=00 $04=0202 $140=02
f=3797 SKIP   P1  $126 de hajiita   lua=0   $170=0 $184=0 $1ab=0E $04=0202 $140=02
f=3798 SKIP   P1  $126 de hajiita   lua=0   $170=0 $184=0 $1ab=0D $04=0202 $140=02
f=3799 SKIP   P1  $126 de hajiita   lua=0   $170=0 $184=0 $1ab=0C $04=0202 $140=02
f=3799 SKIP   P1  $126 de hajiita   lua=0   $170=0 $184=0 $1ab=0B $04=0202 $140=02
f=3800 SKIP   P1  $126 de hajiita   lua=0   $170=0 $184=0 $1ab=0A $04=0202 $140=02
f=3801 SKIP   P1  $126 de hajiita   lua=0   $170=0 $184=0 $1ab=09 $04=0202 $140=02
f=3802 COUNT  P1  lua -> 1   $170=0 $184=0 $1ab=08 $04=0202 $140=02
f=3803 COUNT  P1  lua -> 2   $170=1 $184=0 $1ab=07 $04=0202 $140=02
f=3803 COUNT  P1  lua -> 3   $170=2 $184=0 $1ab=06 $04=0202 $140=02
f=3803 GRANT  P1  lua=3   $170=3 $184=0 $1ab=06 $04=0202 $140=02
f=3803 SKIP   P1  $126 de hajiita   lua=3   $170=3 $184=1 $1ab=05 $04=0202 $140=02
f=3805 COUNT  P1  lua -> 4   $170=3 $184=1 $1ab=04 $04=0202 $140=02
f=3805 SKIP   P1  $126 de hajiita   lua=4   $170=3 $184=1 $1ab=03 $04=0202 $140=02
f=3806 SKIP   P1  $126 de hajiita   lua=4   $170=3 $184=1 $1ab=02 $04=0202 $140=02
f=3807 SKIP   P1  $126 de hajiita   lua=4   $170=3 $184=1 $1ab=01 $04=0202 $140=02
f=3964 OPEN   P1  lua 4 -> 0  ok -> false   $170=0 $184=0 $1ab=00 $04=0202 $140=02
f=3964 SKIP   P1  $126 de hajiita   lua=0   $170=0 $184=0 $1ab=0E $04=0202 $140=02
f=3965 SKIP   P1  $126 de hajiita   lua=0   $170=0 $184=0 $1ab=0D $04=0202 $140=02
f=3966 SKIP   P1  $126 de hajiita   lua=0   $170=0 $184=0 $1ab=0C $04=0202 $140=02
f=3967 SKIP   P1  $126 de hajiita   lua=0   $170=0 $184=0 $1ab=0B $04=0202 $140=02
f=3968 SKIP   P1  $126 de hajiita   lua=0   $170=0 $184=0 $1ab=0A $04=0202 $140=02
f=3968 COUNT  P1  lua -> 1   $170=0 $184=0 $1ab=09 $04=0202 $140=02
f=3968 SKIP   P1  $126 de hajiita   lua=1   $170=1 $184=0 $1ab=08 $04=0202 $140=02
f=3970 SKIP   P1  $126 de hajiita   lua=1   $170=1 $184=0 $1ab=07 $04=0202 $140=02
f=3971 SKIP   P1  $126 de hajiita   lua=1   $170=1 $184=0 $1ab=06 $04=0202 $140=02
f=3971 COUNT  P1  lua -> 2   $170=1 $184=0 $1ab=05 $04=0202 $140=02
f=3971 SKIP   P1  $126 de hajiita   lua=2   $170=2 $184=0 $1ab=04 $04=0202 $140=02
f=3972 COUNT  P1  lua -> 3   $170=2 $184=0 $1ab=03 $04=0202 $140=02
f=3974 COUNT  P1  lua -> 4   $170=3 $184=0 $1ab=02 $04=0202 $140=02
f=3974 GRANT  P1  lua=4   $170=4 $184=0 $1ab=02 $04=0202 $140=02
f=3974 SKIP   P1  $126 de hajiita   lua=4   $170=4 $184=1 $1ab=01 $04=0202 $140=02
f=3977 OPEN   P1  lua 4 -> 0  ok -> false   $170=4 $184=1 $1ab=00 $04=0202 $140=02
f=3977 SKIP   P1  $126 de hajiita   lua=0   $170=4 $184=1 $1ab=0E $04=0202 $140=02
f=3978 SKIP   P1  $126 de hajiita   lua=0   $170=4 $184=1 $1ab=0D $04=0202 $140=02
f=3979 SKIP   P1  $126 de hajiita   lua=0   $170=4 $184=1 $1ab=0C $04=0202 $140=02
f=3980 SKIP   P1  $126 de hajiita   lua=0   $170=4 $184=1 $1ab=0B $04=0202 $140=02
f=3980 SKIP   P1  $126 de hajiita   lua=0   $170=4 $184=1 $1ab=0A $04=0202 $140=02
f=3981 SKIP   P1  $126 de hajiita   lua=0   $170=4 $184=1 $1ab=09 $04=0202 $140=02
f=3981 SKIP   P1  $126 de hajiita   lua=0   $170=4 $184=1 $1ab=08 $04=0202 $140=02
f=3983 SKIP   P1  $126 de hajiita   lua=0   $170=4 $184=1 $1ab=07 $04=0202 $140=02
f=3983 SKIP   P1  $126 de hajiita   lua=0   $170=4 $184=1 $1ab=06 $04=0202 $140=02
f=3984 SKIP   P1  $126 de hajiita   lua=0   $170=4 $184=1 $1ab=05 $04=0202 $140=02
f=3984 SKIP   P1  $126 de hajiita   lua=0   $170=4 $184=1 $1ab=04 $04=0202 $140=02
f=3985 SKIP   P1  $126 de hajiita   lua=0   $170=4 $184=1 $1ab=03 $04=0202 $140=02
f=3986 SKIP   P1  $126 de hajiita   lua=0   $170=4 $184=1 $1ab=02 $04=0202 $140=02
f=3987 SKIP   P1  $126 de hajiita   lua=0   $170=4 $184=1 $1ab=01 $04=0202 $140=02
f=4357 OPEN   P1  lua 0 -> 0  ok -> false   $170=0 $184=0 $1ab=00 $04=0202 $140=02
f=4358 SKIP   P1  $126 de hajiita   lua=0   $170=0 $184=0 $1ab=0E $04=0202 $140=02
f=4359 SKIP   P1  $126 de hajiita   lua=0   $170=0 $184=0 $1ab=0D $04=0202 $140=02
f=4359 COUNT  P1  lua -> 1   $170=0 $184=0 $1ab=0C $04=0202 $140=02
f=4360 SKIP   P1  $126 de hajiita   lua=1   $170=1 $184=0 $1ab=0B $04=0202 $140=02
f=4361 SKIP   P1  $126 de hajiita   lua=1   $170=1 $184=0 $1ab=0A $04=0202 $140=02
f=4361 SKIP   P1  $126 de hajiita   lua=1   $170=1 $184=0 $1ab=09 $04=0202 $140=02
f=4362 COUNT  P1  lua -> 2   $170=1 $184=0 $1ab=08 $04=0202 $140=02
f=4363 COUNT  P1  lua -> 3   $170=2 $184=0 $1ab=07 $04=0202 $140=02
f=4364 SKIP   P1  $126 de hajiita   lua=3   $170=3 $184=0 $1ab=06 $04=0202 $140=02
f=4364 SKIP   P1  $126 de hajiita   lua=3   $170=3 $184=0 $1ab=05 $04=0202 $140=02
f=4366 SKIP   P1  $126 de hajiita   lua=3   $170=3 $184=0 $1ab=04 $04=0202 $140=02
f=4366 SKIP   P1  $126 de hajiita   lua=3   $170=3 $184=0 $1ab=03 $04=0202 $140=02
f=4367 SKIP   P1  $126 de hajiita   lua=3   $170=3 $184=0 $1ab=02 $04=0202 $140=02
f=4367 SKIP   P1  $126 de hajiita   lua=3   $170=3 $184=0 $1ab=01 $04=0202 $140=02
f=4370 OPEN   P1  lua 3 -> 0  ok -> false   $170=3 $184=0 $1ab=00 $04=0202 $140=02
f=4371 SKIP   P1  $126 de hajiita   lua=0   $170=3 $184=0 $1ab=0E $04=0202 $140=02
f=4372 SKIP   P1  $126 de hajiita   lua=0   $170=3 $184=0 $1ab=0D $04=0202 $140=02
f=4373 SKIP   P1  $126 de hajiita   lua=0   $170=3 $184=0 $1ab=0C $04=0202 $140=02
f=4373 SKIP   P1  $126 de hajiita   lua=0   $170=3 $184=0 $1ab=0B $04=0202 $140=02
f=4374 SKIP   P1  $126 de hajiita   lua=0   $170=3 $184=0 $1ab=0A $04=0202 $140=02
f=4375 SKIP   P1  $126 de hajiita   lua=0   $170=3 $184=0 $1ab=09 $04=0202 $140=02
f=4375 SKIP   P1  $126 de hajiita   lua=0   $170=3 $184=0 $1ab=08 $04=0202 $140=02
f=4376 SKIP   P1  $126 de hajiita   lua=0   $170=3 $184=0 $1ab=07 $04=0202 $140=02
f=4377 SKIP   P1  $126 de hajiita   lua=0   $170=3 $184=0 $1ab=06 $04=0202 $140=02
f=4377 SKIP   P1  $126 de hajiita   lua=0   $170=3 $184=0 $1ab=05 $04=0202 $140=02
f=4378 SKIP   P1  $126 de hajiita   lua=0   $170=3 $184=0 $1ab=04 $04=0202 $140=02
f=4379 COUNT  P1  lua -> 1   $170=3 $184=0 $1ab=03 $04=0202 $140=02
f=4379 GRANT  P1  lua=1   $170=4 $184=0 $1ab=03 $04=0202 $140=02
f=4379 SKIP   P1  $126 de hajiita   lua=1   $170=4 $184=1 $1ab=02 $04=0202 $140=02
f=4380 COUNT  P1  lua -> 2   $170=4 $184=1 $1ab=01 $04=0202 $140=02
f=4568 OPEN   P1  lua 2 -> 0  ok -> false   $170=0 $184=0 $1ab=00 $04=0202 $140=02
f=4570 SKIP   P1  $126 de hajiita   lua=0   $170=0 $184=0 $1ab=0E $04=0202 $140=02
f=4570 SKIP   P1  $126 de hajiita   lua=0   $170=0 $184=0 $1ab=0D $04=0202 $140=02
f=4571 SKIP   P1  $126 de hajiita   lua=0   $170=0 $184=0 $1ab=0C $04=0202 $140=02
f=4572 SKIP   P1  $126 de hajiita   lua=0   $170=0 $184=0 $1ab=0B $04=0202 $140=02
f=4572 SKIP   P1  $126 de hajiita   lua=0   $170=0 $184=0 $1ab=0A $04=0202 $140=02
f=4574 SKIP   P1  $126 de hajiita   lua=0   $170=0 $184=0 $1ab=09 $04=0202 $140=02
f=4574 SKIP   P1  $126 de hajiita   lua=0   $170=0 $184=0 $1ab=08 $04=0202 $140=02
f=4574 SKIP   P1  $126 de hajiita   lua=0   $170=0 $184=0 $1ab=07 $04=0202 $140=02
f=4575 SKIP   P1  $126 de hajiita   lua=0   $170=0 $184=0 $1ab=06 $04=0202 $140=02
f=4577 SKIP   P1  $126 de hajiita   lua=0   $170=0 $184=0 $1ab=05 $04=0202 $140=02
f=4577 SKIP   P1  $126 de hajiita   lua=0   $170=0 $184=0 $1ab=04 $04=0202 $140=02
f=4578 SKIP   P1  $126 de hajiita   lua=0   $170=0 $184=0 $1ab=03 $04=0202 $140=02
f=4578 SKIP   P1  $126 de hajiita   lua=0   $170=0 $184=0 $1ab=02 $04=0202 $140=02
f=4580 SKIP   P1  $126 de hajiita   lua=0   $170=0 $184=0 $1ab=01 $04=0202 $140=02
f=4581 OPEN   P1  lua 0 -> 0  ok -> false   $170=0 $184=0 $1ab=00 $04=0202 $140=02
f=4582 SKIP   P1  $126 de hajiita   lua=0   $170=0 $184=0 $1ab=0E $04=0202 $140=02
f=4583 COUNT  P1  lua -> 1   $170=0 $184=0 $1ab=0D $04=0202 $140=02
f=4584 SKIP   P1  $126 de hajiita   lua=1   $170=1 $184=0 $1ab=0C $04=0202 $140=02
f=4584 COUNT  P1  lua -> 2   $170=1 $184=0 $1ab=0B $04=0202 $140=02
f=4585 COUNT  P1  lua -> 3   $170=2 $184=0 $1ab=0A $04=0202 $140=02
f=4586 COUNT  P1  lua -> 4   $170=3 $184=0 $1ab=09 $04=0202 $140=02
f=4586 SKIP   P1  $126 de hajiita   lua=4   $170=4 $184=0 $1ab=08 $04=0202 $140=02
f=4587 SKIP   P1  $126 de hajiita   lua=4   $170=4 $184=0 $1ab=07 $04=0202 $140=02
f=4589 SKIP   P1  $126 de hajiita   lua=4   $170=4 $184=0 $1ab=06 $04=0202 $140=02
f=4589 SKIP   P1  $126 de hajiita   lua=4   $170=4 $184=0 $1ab=05 $04=0202 $140=02
f=4589 SKIP   P1  $126 de hajiita   lua=4   $170=4 $184=0 $1ab=04 $04=0202 $140=02
f=4591 SKIP   P1  $126 de hajiita   lua=4   $170=4 $184=0 $1ab=03 $04=0202 $140=02
f=4591 SKIP   P1  $126 de hajiita   lua=4   $170=4 $184=0 $1ab=02 $04=0202 $140=02
f=4592 SKIP   P1  $126 de hajiita   lua=4   $170=4 $184=0 $1ab=01 $04=0202 $140=02
f=4938 OPEN   P1  lua 4 -> 0  ok -> false   $170=0 $184=0 $1ab=00 $04=0202 $140=02
f=4939 SKIP   P1  $126 de hajiita   lua=0   $170=0 $184=0 $1ab=0E $04=0202 $140=02
f=4940 SKIP   P1  $126 de hajiita   lua=0   $170=0 $184=0 $1ab=0D $04=0202 $140=02
f=4940 SKIP   P1  $126 de hajiita   lua=0   $170=0 $184=0 $1ab=0C $04=0202 $140=02
f=4941 SKIP   P1  $126 de hajiita   lua=0   $170=0 $184=0 $1ab=0B $04=0202 $140=02
f=4943 SKIP   P1  $126 de hajiita   lua=0   $170=0 $184=0 $1ab=0A $04=0202 $140=02
f=4943 SKIP   P1  $126 de hajiita   lua=0   $170=0 $184=0 $1ab=09 $04=0202 $140=02
f=4944 SKIP   P1  $126 de hajiita   lua=0   $170=0 $184=0 $1ab=08 $04=0202 $140=02
f=4944 SKIP   P1  $126 de hajiita   lua=0   $170=0 $184=0 $1ab=07 $04=0202 $140=02
f=4946 COUNT  P1  lua -> 1   $170=0 $184=0 $1ab=06 $04=0202 $140=02
f=4946 COUNT  P1  lua -> 2   $170=1 $184=0 $1ab=05 $04=0202 $140=02
f=4947 SKIP   P1  $126 de hajiita   lua=2   $170=2 $184=0 $1ab=04 $04=0202 $140=02
f=4947 COUNT  P1  lua -> 3   $170=2 $184=0 $1ab=03 $04=0202 $140=02
f=4948 SKIP   P1  $126 de hajiita   lua=3   $170=3 $184=0 $1ab=02 $04=0202 $140=02
f=4949 SKIP   P1  $126 de hajiita   lua=3   $170=3 $184=0 $1ab=01 $04=0202 $140=02
f=4951 OPEN   P1  lua 3 -> 0  ok -> false   $170=3 $184=0 $1ab=00 $04=0202 $140=02
f=4952 SKIP   P1  $126 de hajiita   lua=0   $170=3 $184=0 $1ab=0E $04=0202 $140=02
f=4953 SKIP   P1  $126 de hajiita   lua=0   $170=3 $184=0 $1ab=0D $04=0202 $140=02
f=4953 SKIP   P1  $126 de hajiita   lua=0   $170=3 $184=0 $1ab=0C $04=0202 $140=02
f=4954 SKIP   P1  $126 de hajiita   lua=0   $170=3 $184=0 $1ab=0B $04=0202 $140=02
f=4955 SKIP   P1  $126 de hajiita   lua=0   $170=3 $184=0 $1ab=0A $04=0202 $140=02
f=4956 SKIP   P1  $126 de hajiita   lua=0   $170=3 $184=0 $1ab=09 $04=0202 $140=02
f=4957 SKIP   P1  $126 de hajiita   lua=0   $170=3 $184=0 $1ab=08 $04=0202 $140=02
f=4958 SKIP   P1  $126 de hajiita   lua=0   $170=3 $184=0 $1ab=07 $04=0202 $140=02
f=4958 SKIP   P1  $126 de hajiita   lua=0   $170=3 $184=0 $1ab=06 $04=0202 $140=02
f=4958 SKIP   P1  $126 de hajiita   lua=0   $170=3 $184=0 $1ab=05 $04=0202 $140=02
f=4959 SKIP   P1  $126 de hajiita   lua=0   $170=3 $184=0 $1ab=04 $04=0202 $140=02
f=4960 SKIP   P1  $126 de hajiita   lua=0   $170=3 $184=0 $1ab=03 $04=0202 $140=02
f=4961 SKIP   P1  $126 de hajiita   lua=0   $170=3 $184=0 $1ab=02 $04=0202 $140=02
f=4962 SKIP   P1  $126 de hajiita   lua=0   $170=3 $184=0 $1ab=01 $04=0202 $140=02
f=5101 OPEN   P1  lua 0 -> 0  ok -> false   $170=0 $184=0 $1ab=00 $04=0202 $140=02
f=5102 SKIP   P1  $126 de hajiita   lua=0   $170=0 $184=0 $1ab=0E $04=0202 $140=02
f=5103 SKIP   P1  $126 de hajiita   lua=0   $170=0 $184=0 $1ab=0D $04=0202 $140=02
f=5104 SKIP   P1  $126 de hajiita   lua=0   $170=0 $184=0 $1ab=0C $04=0202 $140=02
f=5104 SKIP   P1  $126 de hajiita   lua=0   $170=0 $184=0 $1ab=0B $04=0202 $140=02
f=5105 SKIP   P1  $126 de hajiita   lua=0   $170=0 $184=0 $1ab=0A $04=0202 $140=02
f=5106 SKIP   P1  $126 de hajiita   lua=0   $170=0 $184=0 $1ab=09 $04=0202 $140=02
f=5107 SKIP   P1  $126 de hajiita   lua=0   $170=0 $184=0 $1ab=08 $04=0202 $140=02
f=5108 SKIP   P1  $126 de hajiita   lua=0   $170=0 $184=0 $1ab=07 $04=0202 $140=02
f=5108 SKIP   P1  $126 de hajiita   lua=0   $170=0 $184=0 $1ab=06 $04=0202 $140=02
f=5109 SKIP   P1  $126 de hajiita   lua=0   $170=0 $184=0 $1ab=05 $04=0202 $140=02
f=5110 SKIP   P1  $126 de hajiita   lua=0   $170=0 $184=0 $1ab=04 $04=0202 $140=02
f=5111 SKIP   P1  $126 de hajiita   lua=0   $170=0 $184=0 $1ab=03 $04=0202 $140=02
f=5111 COUNT  P1  lua -> 1   $170=0 $184=0 $1ab=02 $04=0202 $140=02
f=5112 SKIP   P1  $126 de hajiita   lua=1   $170=1 $184=0 $1ab=01 $04=0202 $140=02
f=5114 OPEN   P1  lua 1 -> 0  ok -> false   $170=1 $184=0 $1ab=00 $04=0202 $140=02
f=5114 SKIP   P1  $126 de hajiita   lua=0   $170=1 $184=0 $1ab=0E $04=0202 $140=02
f=5116 COUNT  P1  lua -> 1   $170=1 $184=0 $1ab=0D $04=0202 $140=02
f=5117 COUNT  P1  lua -> 2   $170=2 $184=0 $1ab=0C $04=0202 $140=02
f=5117 SKIP   P1  $126 de hajiita   lua=2   $170=3 $184=0 $1ab=0B $04=0202 $140=02
f=5117 SKIP   P1  $126 de hajiita   lua=2   $170=3 $184=0 $1ab=0A $04=0202 $140=02
f=5119 SKIP   P1  $126 de hajiita   lua=2   $170=3 $184=0 $1ab=09 $04=0202 $140=02
f=5120 COUNT  P1  lua -> 3   $170=3 $184=0 $1ab=08 $04=0202 $140=02
f=5120 COUNT  P1  lua -> 4   $170=4 $184=0 $1ab=07 $04=0202 $140=02
f=5120 GRANT  P1  lua=4   $170=5 $184=0 $1ab=07 $04=0202 $140=02
f=5121 SKIP   P1  $126 de hajiita   lua=4   $170=5 $184=1 $1ab=06 $04=0202 $140=02
f=5122 COUNT  P1  lua -> 5   $170=5 $184=1 $1ab=05 $04=0202 $140=02
f=5122 COUNT  P1  lua -> 6   $170=5 $184=1 $1ab=04 $04=0202 $140=02
f=5123 SKIP   P1  $126 de hajiita   lua=6   $170=5 $184=1 $1ab=03 $04=0202 $140=02
f=5123 SKIP   P1  $126 de hajiita   lua=6   $170=5 $184=1 $1ab=02 $04=0202 $140=02
f=5125 SKIP   P1  $126 de hajiita   lua=6   $170=5 $184=1 $1ab=01 $04=0202 $140=02
f=5274 OPEN   P1  lua 6 -> 0  ok -> false   $170=0 $184=0 $1ab=00 $04=0202 $140=02
f=5275 SKIP   P1  $126 de hajiita   lua=0   $170=0 $184=0 $1ab=0E $04=0202 $140=02
f=5276 SKIP   P1  $126 de hajiita   lua=0   $170=0 $184=0 $1ab=0D $04=0202 $140=02
f=5276 SKIP   P1  $126 de hajiita   lua=0   $170=0 $184=0 $1ab=0C $04=0202 $140=02
f=5277 SKIP   P1  $126 de hajiita   lua=0   $170=0 $184=0 $1ab=0B $04=0202 $140=02
f=5277 SKIP   P1  $126 de hajiita   lua=0   $170=0 $184=0 $1ab=0A $04=0202 $140=02
f=5278 SKIP   P1  $126 de hajiita   lua=0   $170=0 $184=0 $1ab=09 $04=0202 $140=02
f=5279 SKIP   P1  $126 de hajiita   lua=0   $170=0 $184=0 $1ab=08 $04=0202 $140=02
f=5280 SKIP   P1  $126 de hajiita   lua=0   $170=0 $184=0 $1ab=07 $04=0202 $140=02
f=5280 SKIP   P1  $126 de hajiita   lua=0   $170=0 $184=0 $1ab=06 $04=0202 $140=02
f=5282 SKIP   P1  $126 de hajiita   lua=0   $170=0 $184=0 $1ab=05 $04=0202 $140=02
f=5282 SKIP   P1  $126 de hajiita   lua=0   $170=0 $184=0 $1ab=04 $04=0202 $140=02
f=5283 SKIP   P1  $126 de hajiita   lua=0   $170=0 $184=0 $1ab=03 $04=0202 $140=02
f=5284 SKIP   P1  $126 de hajiita   lua=0   $170=0 $184=0 $1ab=02 $04=0202 $140=02
f=5284 COUNT  P1  lua -> 1   $170=0 $184=0 $1ab=01 $04=0202 $140=02
f=5286 OPEN   P1  lua 1 -> 0  ok -> false   $170=1 $184=0 $1ab=00 $04=0202 $140=02
f=5287 SKIP   P1  $126 de hajiita   lua=0   $170=1 $184=0 $1ab=0E $04=0202 $140=02
f=5288 COUNT  P1  lua -> 1   $170=1 $184=0 $1ab=0D $04=0202 $140=02
f=5289 SKIP   P1  $126 de hajiita   lua=1   $170=2 $184=0 $1ab=0C $04=0202 $140=02
f=5290 COUNT  P1  lua -> 2   $170=2 $184=0 $1ab=0B $04=0202 $140=02
f=5291 COUNT  P1  lua -> 3   $170=3 $184=0 $1ab=0A $04=0202 $140=02
f=5291 SKIP   P1  $126 de hajiita   lua=3   $170=4 $184=0 $1ab=09 $04=0202 $140=02
f=5291 SKIP   P1  $126 de hajiita   lua=3   $170=4 $184=0 $1ab=08 $04=0202 $140=02
f=5292 COUNT  P1  lua -> 4   $170=4 $184=0 $1ab=07 $04=0202 $140=02
f=5292 GRANT  P1  lua=4   $170=5 $184=0 $1ab=07 $04=0202 $140=02
f=5293 COUNT  P1  lua -> 5   $170=5 $184=1 $1ab=06 $04=0202 $140=02
f=5294 COUNT  P1  lua -> 6   $170=5 $184=1 $1ab=05 $04=0202 $140=02
f=5295 SKIP   P1  $126 de hajiita   lua=6   $170=5 $184=1 $1ab=04 $04=0202 $140=02
f=5295 SKIP   P1  $126 de hajiita   lua=6   $170=5 $184=1 $1ab=03 $04=0202 $140=02
f=5297 SKIP   P1  $126 de hajiita   lua=6   $170=5 $184=1 $1ab=02 $04=0202 $140=02
f=5297 COUNT  P1  lua -> 7   $170=5 $184=1 $1ab=01 $04=0202 $140=02
f=5416 OPEN   P1  lua 7 -> 0  ok -> false   $170=0 $184=0 $1ab=00 $04=0202 $140=02
f=5416 SKIP   P1  $126 de hajiita   lua=0   $170=0 $184=0 $1ab=0E $04=0202 $140=02
f=5417 SKIP   P1  $126 de hajiita   lua=0   $170=0 $184=0 $1ab=0D $04=0202 $140=02
f=5417 SKIP   P1  $126 de hajiita   lua=0   $170=0 $184=0 $1ab=0C $04=0202 $140=02
f=5418 SKIP   P1  $126 de hajiita   lua=0   $170=0 $184=0 $1ab=0B $04=0202 $140=02
f=5420 SKIP   P1  $126 de hajiita   lua=0   $170=0 $184=0 $1ab=0A $04=0202 $140=02
f=5420 SKIP   P1  $126 de hajiita   lua=0   $170=0 $184=0 $1ab=09 $04=0202 $140=02
f=5421 SKIP   P1  $126 de hajiita   lua=0   $170=0 $184=0 $1ab=08 $04=0202 $140=02
f=5422 SKIP   P1  $126 de hajiita   lua=0   $170=0 $184=0 $1ab=07 $04=0202 $140=02
f=5423 SKIP   P1  $126 de hajiita   lua=0   $170=0 $184=0 $1ab=06 $04=0202 $140=02
f=5423 SKIP   P1  $126 de hajiita   lua=0   $170=0 $184=0 $1ab=05 $04=0202 $140=02
f=5423 SKIP   P1  $126 de hajiita   lua=0   $170=0 $184=0 $1ab=04 $04=0202 $140=02
f=5424 SKIP   P1  $126 de hajiita   lua=0   $170=0 $184=0 $1ab=03 $04=0202 $140=02
f=5425 SKIP   P1  $126 de hajiita   lua=0   $170=0 $184=0 $1ab=02 $04=0202 $140=02
f=5426 SKIP   P1  $126 de hajiita   lua=0   $170=0 $184=0 $1ab=01 $04=0202 $140=02
f=5428 OPEN   P1  lua 0 -> 0  ok -> false   $170=0 $184=0 $1ab=00 $04=0202 $140=02
f=5429 SKIP   P1  $126 de hajiita   lua=0   $170=0 $184=0 $1ab=0E $04=0202 $140=02
f=5429 SKIP   P1  $126 de hajiita   lua=0   $170=0 $184=0 $1ab=0D $04=0202 $140=02
f=5430 COUNT  P1  lua -> 1   $170=0 $184=0 $1ab=0C $04=0202 $140=02
f=5431 SKIP   P1  $126 de hajiita   lua=1   $170=1 $184=0 $1ab=0B $04=0202 $140=02
f=5432 COUNT  P1  lua -> 2   $170=1 $184=0 $1ab=0A $04=0202 $140=02
f=5433 SKIP   P1  $126 de hajiita   lua=2   $170=2 $184=0 $1ab=09 $04=0202 $140=02
f=5434 SKIP   P1  $126 de hajiita   lua=2   $170=2 $184=0 $1ab=08 $04=0202 $140=02
f=5435 SKIP   P1  $126 de hajiita   lua=2   $170=2 $184=0 $1ab=07 $04=0202 $140=02
f=5435 COUNT  P1  lua -> 3   $170=2 $184=0 $1ab=06 $04=0202 $140=02
f=5436 SKIP   P1  $126 de hajiita   lua=3   $170=3 $184=0 $1ab=05 $04=0202 $140=02
f=5437 COUNT  P1  lua -> 4   $170=3 $184=0 $1ab=04 $04=0202 $140=02
f=5437 GRANT  P1  lua=4   $170=4 $184=0 $1ab=04 $04=0202 $140=02
f=5437 SKIP   P1  $126 de hajiita   lua=4   $170=4 $184=1 $1ab=03 $04=0202 $140=02
f=5438 SKIP   P1  $126 de hajiita   lua=4   $170=4 $184=1 $1ab=02 $04=0202 $140=02
f=5438 SKIP   P1  $126 de hajiita   lua=4   $170=4 $184=1 $1ab=01 $04=0202 $140=02
f=6460 OPEN   P1  lua 4 -> 0  ok -> false   $170=0 $184=0 $1ab=00 $04=0202 $140=02
f=6460 SKIP   P1  $126 de hajiita   lua=0   $170=0 $184=0 $1ab=0E $04=0202 $140=02
f=6461 SKIP   P1  $126 de hajiita   lua=0   $170=0 $184=0 $1ab=0D $04=0202 $140=02
f=6461 SKIP   P1  $126 de hajiita   lua=0   $170=0 $184=0 $1ab=0C $04=0202 $140=02
f=6462 SKIP   P1  $126 de hajiita   lua=0   $170=0 $184=0 $1ab=0B $04=0202 $140=02
f=6463 SKIP   P1  $126 de hajiita   lua=0   $170=0 $184=0 $1ab=0A $04=0202 $140=02
f=6464 SKIP   P1  $126 de hajiita   lua=0   $170=0 $184=0 $1ab=09 $04=0202 $140=02
f=6464 SKIP   P1  $126 de hajiita   lua=0   $170=0 $184=0 $1ab=08 $04=0202 $140=02
f=6466 SKIP   P1  $126 de hajiita   lua=0   $170=0 $184=0 $1ab=07 $04=0202 $140=02
f=6467 SKIP   P1  $126 de hajiita   lua=0   $170=0 $184=0 $1ab=06 $04=0202 $140=02
f=6467 SKIP   P1  $126 de hajiita   lua=0   $170=0 $184=0 $1ab=05 $04=0202 $140=02
f=6468 SKIP   P1  $126 de hajiita   lua=0   $170=0 $184=0 $1ab=04 $04=0202 $140=02
f=6468 SKIP   P1  $126 de hajiita   lua=0   $170=0 $184=0 $1ab=03 $04=0202 $140=02
f=6470 SKIP   P1  $126 de hajiita   lua=0   $170=0 $184=0 $1ab=02 $04=0202 $140=02
f=6470 COUNT  P1  lua -> 1   $170=0 $184=0 $1ab=01 $04=0202 $140=02
f=6473 OPEN   P1  lua 1 -> 0  ok -> false   $170=1 $184=0 $1ab=00 $04=0202 $140=02
f=6473 COUNT  P1  lua -> 1   $170=1 $184=0 $1ab=0E $04=0202 $140=02
f=6474 SKIP   P1  $126 de hajiita   lua=1   $170=2 $184=0 $1ab=0D $04=0202 $140=02
f=6474 SKIP   P1  $126 de hajiita   lua=1   $170=2 $184=0 $1ab=0C $04=0202 $140=02
f=6475 COUNT  P1  lua -> 2   $170=2 $184=0 $1ab=0B $04=0202 $140=02
f=6476 SKIP   P1  $126 de hajiita   lua=2   $170=3 $184=0 $1ab=0A $04=0202 $140=02
f=6476 SKIP   P1  $126 de hajiita   lua=2   $170=3 $184=0 $1ab=09 $04=0202 $140=02
f=6477 COUNT  P1  lua -> 3   $170=3 $184=0 $1ab=08 $04=0202 $140=02
f=6478 COUNT  P1  lua -> 4   $170=4 $184=0 $1ab=07 $04=0202 $140=02
f=6479 SKIP   P1  $126 de hajiita   lua=4   $170=5 $184=0 $1ab=06 $04=0202 $140=02
f=6479 SKIP   P1  $126 de hajiita   lua=4   $170=5 $184=0 $1ab=05 $04=0202 $140=02
f=6480 COUNT  P1  lua -> 5   $170=5 $184=0 $1ab=04 $04=0202 $140=02
f=6480 GRANT  P1  lua=5   $170=6 $184=0 $1ab=04 $04=0202 $140=02
f=6481 COUNT  P1  lua -> 6   $170=6 $184=1 $1ab=03 $04=0202 $140=02
f=6482 SKIP   P1  $126 de hajiita   lua=6   $170=6 $184=1 $1ab=02 $04=0202 $140=02
f=6482 SKIP   P1  $126 de hajiita   lua=6   $170=6 $184=1 $1ab=01 $04=0202 $140=02
f=6560 OPEN   P1  lua 6 -> 0  ok -> false   $170=0 $184=0 $1ab=00 $04=0202 $140=02
f=6560 SKIP   P1  $126 de hajiita   lua=0   $170=0 $184=0 $1ab=0E $04=0202 $140=02
f=6561 SKIP   P1  $126 de hajiita   lua=0   $170=0 $184=0 $1ab=0D $04=0202 $140=02
f=6562 SKIP   P1  $126 de hajiita   lua=0   $170=0 $184=0 $1ab=0C $04=0202 $140=02
f=6563 SKIP   P1  $126 de hajiita   lua=0   $170=0 $184=0 $1ab=0B $04=0202 $140=02
f=6563 SKIP   P1  $126 de hajiita   lua=0   $170=0 $184=0 $1ab=0A $04=0202 $140=02
f=6563 SKIP   P1  $126 de hajiita   lua=0   $170=0 $184=0 $1ab=09 $04=0202 $140=02
f=6565 SKIP   P1  $126 de hajiita   lua=0   $170=0 $184=0 $1ab=08 $04=0202 $140=02
f=6566 SKIP   P1  $126 de hajiita   lua=0   $170=0 $184=0 $1ab=07 $04=0202 $140=02
f=6566 SKIP   P1  $126 de hajiita   lua=0   $170=0 $184=0 $1ab=06 $04=0202 $140=02
f=6566 SKIP   P1  $126 de hajiita   lua=0   $170=0 $184=0 $1ab=05 $04=0202 $140=02
f=6567 SKIP   P1  $126 de hajiita   lua=0   $170=0 $184=0 $1ab=04 $04=0202 $140=02
f=6568 SKIP   P1  $126 de hajiita   lua=0   $170=0 $184=0 $1ab=03 $04=0202 $140=02
f=6569 SKIP   P1  $126 de hajiita   lua=0   $170=0 $184=0 $1ab=02 $04=0202 $140=02
f=6569 SKIP   P1  $126 de hajiita   lua=0   $170=0 $184=0 $1ab=01 $04=0202 $140=02
f=6776 OPEN   P1  lua 0 -> 0  ok -> false   $170=0 $184=0 $1ab=00 $04=0202 $140=02
f=6776 SKIP   P1  $126 de hajiita   lua=0   $170=0 $184=0 $1ab=0E $04=0202 $140=02
f=6776 SKIP   P1  $126 de hajiita   lua=0   $170=0 $184=0 $1ab=0D $04=0202 $140=02
f=6778 COUNT  P1  lua -> 1   $170=0 $184=0 $1ab=0C $04=0202 $140=02
f=6779 SKIP   P1  $126 de hajiita   lua=1   $170=1 $184=0 $1ab=0B $04=0202 $140=02
f=6779 COUNT  P1  lua -> 2   $170=1 $184=0 $1ab=0A $04=0202 $140=02
f=6779 SKIP   P1  $126 de hajiita   lua=2   $170=2 $184=0 $1ab=09 $04=0202 $140=02
f=6781 COUNT  P1  lua -> 3   $170=2 $184=0 $1ab=08 $04=0202 $140=02
f=6781 GRANT  P1  lua=3   $170=3 $184=0 $1ab=08 $04=0202 $140=02
f=6782 COUNT  P1  lua -> 4   $170=3 $184=1 $1ab=07 $04=0202 $140=02
f=6782 COUNT  P1  lua -> 5   $170=3 $184=1 $1ab=06 $04=0202 $140=02
f=6782 SKIP   P1  $126 de hajiita   lua=5   $170=3 $184=1 $1ab=05 $04=0202 $140=02
f=6784 SKIP   P1  $126 de hajiita   lua=5   $170=3 $184=1 $1ab=04 $04=0202 $140=02
f=6785 COUNT  P1  lua -> 6   $170=3 $184=1 $1ab=03 $04=0202 $140=02
f=6785 COUNT  P1  lua -> 7   $170=3 $184=1 $1ab=02 $04=0202 $140=02
f=6785 SKIP   P1  $126 de hajiita   lua=7   $170=3 $184=1 $1ab=01 $04=0202 $140=02
f=6788 OPEN   P1  lua 7 -> 0  ok -> false   $170=3 $184=1 $1ab=00 $04=0202 $140=02
f=6788 SKIP   P1  $126 de hajiita   lua=0   $170=3 $184=1 $1ab=0E $04=0202 $140=02
f=6789 SKIP   P1  $126 de hajiita   lua=0   $170=3 $184=1 $1ab=0D $04=0202 $140=02
f=6790 SKIP   P1  $126 de hajiita   lua=0   $170=3 $184=1 $1ab=0C $04=0202 $140=02
f=6791 SKIP   P1  $126 de hajiita   lua=0   $170=3 $184=1 $1ab=0B $04=0202 $140=02
f=6791 SKIP   P1  $126 de hajiita   lua=0   $170=3 $184=1 $1ab=0A $04=0202 $140=02
f=6793 COUNT  P1  lua -> 1   $170=3 $184=1 $1ab=09 $04=0202 $140=02
f=6794 SKIP   P1  $126 de hajiita   lua=1   $170=3 $184=1 $1ab=08 $04=0202 $140=02
f=6794 COUNT  P1  lua -> 2   $170=3 $184=1 $1ab=07 $04=0202 $140=02
f=6794 SKIP   P1  $126 de hajiita   lua=2   $170=3 $184=1 $1ab=06 $04=0202 $140=02
f=6796 COUNT  P1  lua -> 3   $170=3 $184=1 $1ab=05 $04=0202 $140=02
f=6797 SKIP   P1  $126 de hajiita   lua=3   $170=3 $184=1 $1ab=04 $04=0202 $140=02
f=6797 COUNT  P1  lua -> 4   $170=3 $184=1 $1ab=03 $04=0202 $140=02
f=6797 SKIP   P1  $126 de hajiita   lua=4   $170=3 $184=1 $1ab=02 $04=0202 $140=02
f=6798 SKIP   P1  $126 de hajiita   lua=4   $170=3 $184=1 $1ab=01 $04=0202 $140=02
f=6885 OPEN   P1  lua 4 -> 0  ok -> false   $170=0 $184=0 $1ab=00 $04=0202 $140=02
f=6887 SKIP   P1  $126 de hajiita   lua=0   $170=0 $184=0 $1ab=0E $04=0202 $140=02
f=6887 SKIP   P1  $126 de hajiita   lua=0   $170=0 $184=0 $1ab=0D $04=0202 $140=02
f=6888 SKIP   P1  $126 de hajiita   lua=0   $170=0 $184=0 $1ab=0C $04=0202 $140=02
f=6889 SKIP   P1  $126 de hajiita   lua=0   $170=0 $184=0 $1ab=0B $04=0202 $140=02
f=6890 SKIP   P1  $126 de hajiita   lua=0   $170=0 $184=0 $1ab=0A $04=0202 $140=02
f=6890 SKIP   P1  $126 de hajiita   lua=0   $170=0 $184=0 $1ab=09 $04=0202 $140=02
f=6891 SKIP   P1  $126 de hajiita   lua=0   $170=0 $184=0 $1ab=08 $04=0202 $140=02
f=6891 SKIP   P1  $126 de hajiita   lua=0   $170=0 $184=0 $1ab=07 $04=0202 $140=02
f=6892 SKIP   P1  $126 de hajiita   lua=0   $170=0 $184=0 $1ab=06 $04=0202 $140=02
f=6893 SKIP   P1  $126 de hajiita   lua=0   $170=0 $184=0 $1ab=05 $04=0202 $140=02
f=6893 SKIP   P1  $126 de hajiita   lua=0   $170=0 $184=0 $1ab=04 $04=0202 $140=02
f=6894 SKIP   P1  $126 de hajiita   lua=0   $170=0 $184=0 $1ab=03 $04=0202 $140=02
f=6895 COUNT  P1  lua -> 1   $170=0 $184=0 $1ab=02 $04=0202 $140=02
f=6896 SKIP   P1  $126 de hajiita   lua=1   $170=1 $184=0 $1ab=01 $04=0202 $140=02
f=6898 OPEN   P1  lua 1 -> 0  ok -> false   $170=1 $184=0 $1ab=00 $04=0202 $140=02
f=6899 SKIP   P1  $126 de hajiita   lua=0   $170=1 $184=0 $1ab=0E $04=0202 $140=02
f=6900 SKIP   P1  $126 de hajiita   lua=0   $170=1 $184=0 $1ab=0D $04=0202 $140=02
f=6901 COUNT  P1  lua -> 1   $170=1 $184=0 $1ab=0C $04=0202 $140=02
f=6902 COUNT  P1  lua -> 2   $170=2 $184=0 $1ab=0B $04=0202 $140=02
f=6902 SKIP   P1  $126 de hajiita   lua=2   $170=3 $184=0 $1ab=0A $04=0202 $140=02
f=6903 SKIP   P1  $126 de hajiita   lua=2   $170=3 $184=0 $1ab=09 $04=0202 $140=02
f=6904 SKIP   P1  $126 de hajiita   lua=2   $170=3 $184=0 $1ab=08 $04=0202 $140=02
f=6905 COUNT  P1  lua -> 3   $170=3 $184=0 $1ab=07 $04=0202 $140=02
f=6905 GRANT  P1  lua=3   $170=4 $184=0 $1ab=07 $04=0202 $140=02
f=6905 COUNT  P1  lua -> 4   $170=4 $184=1 $1ab=06 $04=0202 $140=02
f=6905 SKIP   P1  $126 de hajiita   lua=4   $170=4 $184=1 $1ab=05 $04=0202 $140=02
f=6907 COUNT  P1  lua -> 5   $170=4 $184=1 $1ab=04 $04=0202 $140=02
f=6907 SKIP   P1  $126 de hajiita   lua=5   $170=4 $184=1 $1ab=03 $04=0202 $140=02
f=6908 COUNT  P1  lua -> 6   $170=4 $184=1 $1ab=02 $04=0202 $140=02
f=6908 SKIP   P1  $126 de hajiita   lua=6   $170=4 $184=1 $1ab=01 $04=0202 $140=02
