
=== select probe 2026/09/12 0:15:29 ===
# scr=FF8009 (02 is character select). OFFSET=P1/P2, zero on both sides omitted
f=1721 scr=02 p1_382=01 p2_382=05 p1_403=00 p2_403=00
f=1782 scr=02 p1_382=01 p2_382=05 p1_403=01 p2_403=05
f=1864 scr=02 p1_382=03 p2_382=05 p1_403=03 p2_403=05
f=1882 scr=02 p1_382=00 p2_382=05 p1_403=00 p2_403=05
f=2081 scr=02 p1_382=00 p2_382=0A p1_403=00 p2_403=0A
f=2098 scr=02 p1_382=00 p2_382=04 p1_403=00 p2_403=04
f=2161 scr=02 p1_382=00 p2_382=0E p1_403=00 p2_403=0E
f=2280 scr=02 p1_382=06 p2_382=0E p1_403=06 p2_403=0E
f=2288 scr=02 p1_382=06 p2_382=0D p1_403=06 p2_403=0D
f=2303 scr=02 p1_382=06 p2_382=00 p1_403=06 p2_403=00
f=2305 scr=02 p1_382=01 p2_382=00 p1_403=01 p2_403=00
f=2368 scr=02 p1_382=01 p2_382=08 p1_403=01 p2_403=08
f=2491 scr=02 p1_382=01 p2_382=08 p1_403=01 p2_403=00 3BD=00/08 3E0=00/08
f=2492 scr=02 p1_382=01 p2_382=08 p1_403=01 p2_403=00 3BD=00/08 3E0=00/08 3E1=00/03
f=2623 scr=02 p1_382=01 p2_382=08 p1_403=00 p2_403=00 3BD=01/08 3E0=01/08 3E1=00/03
f=2624 scr=02 p1_382=01 p2_382=08 p1_403=00 p2_403=00 3BD=01/08 3E0=01/08 3E1=01/03
f=2625 scr=04 p1_382=01 p2_382=08 p1_403=00 p2_403=00 3BD=01/08 3E0=01/08 3E1=01/03
f=2677 scr=0A p1_382=01 p2_382=08 p1_403=00 p2_403=00 3BD=01/08 3E0=01/08 3E1=01/03
f=2910 scr=02 p1_382=01 p2_382=08 p1_403=00 p2_403=00 3BD=01/08 3E0=01/08 3E1=01/03
f=2965 scr=04 p1_382=01 p2_382=08 p1_403=00 p2_403=00 3BD=01/08 3E0=01/08 3E1=01/03
